[36mvite v5.4.21 [32mbuilding for production...[36m[39m
transforming...
npx : [33m[vite:css] 
@import must precede all 
other statements (besides 
@charset or empty @layer)
At line:1 char:1
+ npx vite build > 
build_output.txt 2>&1; 
Get-Content build_output.txt
+ ~~~~~~~~~~~~~~~~~~~~~~~~~~
~~~~~~~~~~~~
    + CategoryInfo          
    : NotSpecified: ([33m  
  [vite:css]...r empty @l   
 ayer):String) [], Remot    
eException
    + FullyQualifiedErrorId 
    : NativeCommandError
 
3  |  @tailwind utilities;
4  |  
5  |  @import url('https://f
onts.googleapis.com/css2?fam
ily=Outfit:wght@300;400;500;
600;700;800;900&display=swap
');
   |  ^^^^^^^^^^^^^^^^^^^^^^
^^^^^^^^^^^^^^^^^^^^^^^^^^^^
^^^^^^^^^^^^^^^^^^^^^^^^^^^^
^^^^^^^^^^^^^^^^^^^^^^^^^^^^
^^^
6  |  
7  |  /* 
=====================[39m
[32mΓ£ô[39m 2514 modules transformed.
rendering chunks...
computing gzip size...
[2mdist/[22m[32mindex.html                 [39m[1m[2m  0.75 kB[22m[1m[22m[2m Γöé gzip:   0.41 kB[22m
[2mdist/[22m[35massets/index-D6NltiqE.css  [39m[1m[2m 24.75 kB[22m[1m[22m[2m Γöé gzip:   5.56 kB[22m
[2mdist/[22m[36massets/index-B7fCMb0D.js   [39m[1m[33m760.69 kB[39m[22m[2m Γöé gzip: 226.09 kB[22m
[33m
(!) Some chunks are larger 
than 500 kB after 
minification. Consider:
- Using dynamic import() to 
code-split the application
- Use build.rollupOptions.ou
tput.manualChunks to 
improve chunking: https://ro
llupjs.org/configuration-opt
ions/#output-manualchunks
- Adjust chunk size limit 
for this warning via build.c
hunkSizeWarningLimit.[39m
[32mΓ£ô built in 5.42s[39m
